[registration.mercadolivre.com.br/registration-company6f7c.html]
[backblue.gif]
[fade.gif]
[index.html]
[http2.mlstatic.com/frontend-assets/ui-navigation/5.18.1/mercadolibre/60x60-precomposed.png]
[http2.mlstatic.com/frontend-assets/ui-navigation/5.18.1/mercadolibre/76x76-precomposed.png]
[http2.mlstatic.com/frontend-assets/ui-navigation/5.18.1/mercadolibre/120x120-precomposed.png]
[http2.mlstatic.com/frontend-assets/ui-navigation/5.18.1/mercadolibre/152x152-precomposed.png]
[js.hs-scripts.com/6179356.js]
[http2.mlstatic.com/frontend-assets/ui-navigation/5.18.1/mercadolibre/navigation-desktop.css]
[http2.mlstatic.com/frontend-assets/ui-navigation/5.18.1/mercadolibre/navigation-mobile.css]
[http2.mlstatic.com/storage/auth-library/2.6.1/layout/styles.css]
[http2.mlstatic.com/frontend-assets/registration-fend/registration.60c0d8b2.css]
[registration.mercadolivre.com.br/registration-company6f7c.html]
[http2.mlstatic.com/analytics/ga/mlb-ml-analytics.min.js]
[http2.mlstatic.com/frontend-assets/ui-navigation/5.18.1/mercadolibre/navigation-desktop.css]
[http2.mlstatic.com/frontend-assets/ui-navigation/5.18.1/mercadolibre/navigation-mobile.css]
[http2.mlstatic.com/storage/auth-library/2.6.1/layout/styles.css]
[http2.mlstatic.com/frontend-assets/registration-fend/registration.60c0d8b2.css]
